[0.160s] DEBUG:colcon:Command line arguments: ['/usr/bin/colcon', 'list', '-p', '--base-paths', '/home/juan/lehigh_phd/monster_truck/ros/src/training/training', '--log-base', '/dev/null']
[0.160s] DEBUG:colcon:Parsed command line arguments: Namespace(log_base=None, log_level=None, verb_name='list', build_base='build', ignore_user_meta=False, metas=['./colcon.meta'], base_paths=['/home/juan/lehigh_phd/monster_truck/ros/src/training/training', '--log-base', '/dev/null'], packages_ignore=None, packages_ignore_regex=None, paths=None, packages_up_to=None, packages_up_to_regex=None, packages_above=None, packages_above_and_dependencies=None, packages_above_depth=None, packages_select_by_dep=None, packages_skip_by_dep=None, packages_skip_up_to=None, packages_select_build_failed=False, packages_skip_build_finished=False, packages_select_test_failures=False, packages_skip_test_passed=False, packages_select=None, packages_skip=None, packages_select_regex=None, packages_skip_regex=None, packages_start=None, packages_end=None, allow_overriding=[], topological_order=False, names_only=False, paths_only=True, topological_graph=False, topological_graph_dot=False, topological_graph_density=False, topological_graph_legend=False, topological_graph_dot_cluster=False, topological_graph_dot_include_skipped=False, verb_parser=<colcon_defaults.argument_parser.defaults.DefaultArgumentsDecorator object at 0x7dc60fca00d0>, verb_extension=<colcon_package_information.verb.list.ListVerb object at 0x7dc60fdb4970>, main=<bound method ListVerb.main of <colcon_package_information.verb.list.ListVerb object at 0x7dc60fdb4970>>)
[0.290s] Level 1:colcon.colcon_core.package_discovery:discover_packages(colcon_meta) check parameters
[0.290s] Level 1:colcon.colcon_core.package_discovery:discover_packages(recursive) check parameters
[0.290s] Level 1:colcon.colcon_core.package_discovery:discover_packages(ignore) check parameters
[0.290s] Level 1:colcon.colcon_core.package_discovery:discover_packages(path) check parameters
[0.290s] Level 1:colcon.colcon_core.package_discovery:discover_packages(recursive) discover
[0.290s] INFO:colcon.colcon_core.package_discovery:Crawling recursively for packages in '/home/juan/lehigh_phd/monster_truck/ros/src/training/training', '/home/juan/lehigh_phd/monster_truck/ros/src/training/training/--log-base', '/dev/null'
[0.291s] Level 1:colcon.colcon_core.package_identification:_identify(/home/juan/lehigh_phd/monster_truck/ros/src/training/training) by extensions ['ignore', 'ignore_ament_install']
[0.291s] Level 1:colcon.colcon_core.package_identification:_identify(/home/juan/lehigh_phd/monster_truck/ros/src/training/training) by extension 'ignore'
[0.291s] Level 1:colcon.colcon_core.package_identification:_identify(/home/juan/lehigh_phd/monster_truck/ros/src/training/training) by extension 'ignore_ament_install'
[0.291s] Level 1:colcon.colcon_core.package_identification:_identify(/home/juan/lehigh_phd/monster_truck/ros/src/training/training) by extensions ['colcon_pkg']
[0.291s] Level 1:colcon.colcon_core.package_identification:_identify(/home/juan/lehigh_phd/monster_truck/ros/src/training/training) by extension 'colcon_pkg'
[0.291s] Level 1:colcon.colcon_core.package_identification:_identify(/home/juan/lehigh_phd/monster_truck/ros/src/training/training) by extensions ['colcon_meta']
[0.291s] Level 1:colcon.colcon_core.package_identification:_identify(/home/juan/lehigh_phd/monster_truck/ros/src/training/training) by extension 'colcon_meta'
[0.291s] Level 1:colcon.colcon_core.package_identification:_identify(/home/juan/lehigh_phd/monster_truck/ros/src/training/training) by extensions ['ros']
[0.291s] Level 1:colcon.colcon_core.package_identification:_identify(/home/juan/lehigh_phd/monster_truck/ros/src/training/training) by extension 'ros'
[0.305s] Level 1:colcon.colcon_core.package_identification:_identify(/home/juan/lehigh_phd/monster_truck/ros/src/training/training) by extensions ['cmake', 'python']
[0.305s] Level 1:colcon.colcon_core.package_identification:_identify(/home/juan/lehigh_phd/monster_truck/ros/src/training/training) by extension 'cmake'
[0.305s] Level 1:colcon.colcon_core.package_identification:_identify(/home/juan/lehigh_phd/monster_truck/ros/src/training/training) by extension 'python'
[0.305s] Level 1:colcon.colcon_core.package_identification:_identify(/home/juan/lehigh_phd/monster_truck/ros/src/training/training) by extensions ['python_setup_py']
[0.305s] Level 1:colcon.colcon_core.package_identification:_identify(/home/juan/lehigh_phd/monster_truck/ros/src/training/training) by extension 'python_setup_py'
[0.305s] Level 1:colcon.colcon_core.package_identification:_identify(/home/juan/lehigh_phd/monster_truck/ros/src/training/training/images) by extensions ['ignore', 'ignore_ament_install']
[0.305s] Level 1:colcon.colcon_core.package_identification:_identify(/home/juan/lehigh_phd/monster_truck/ros/src/training/training/images) by extension 'ignore'
[0.305s] Level 1:colcon.colcon_core.package_identification:_identify(/home/juan/lehigh_phd/monster_truck/ros/src/training/training/images) by extension 'ignore_ament_install'
[0.305s] Level 1:colcon.colcon_core.package_identification:_identify(/home/juan/lehigh_phd/monster_truck/ros/src/training/training/images) by extensions ['colcon_pkg']
[0.305s] Level 1:colcon.colcon_core.package_identification:_identify(/home/juan/lehigh_phd/monster_truck/ros/src/training/training/images) by extension 'colcon_pkg'
[0.305s] Level 1:colcon.colcon_core.package_identification:_identify(/home/juan/lehigh_phd/monster_truck/ros/src/training/training/images) by extensions ['colcon_meta']
[0.305s] Level 1:colcon.colcon_core.package_identification:_identify(/home/juan/lehigh_phd/monster_truck/ros/src/training/training/images) by extension 'colcon_meta'
[0.305s] Level 1:colcon.colcon_core.package_identification:_identify(/home/juan/lehigh_phd/monster_truck/ros/src/training/training/images) by extensions ['ros']
[0.305s] Level 1:colcon.colcon_core.package_identification:_identify(/home/juan/lehigh_phd/monster_truck/ros/src/training/training/images) by extension 'ros'
[0.305s] Level 1:colcon.colcon_core.package_identification:_identify(/home/juan/lehigh_phd/monster_truck/ros/src/training/training/images) by extensions ['cmake', 'python']
[0.305s] Level 1:colcon.colcon_core.package_identification:_identify(/home/juan/lehigh_phd/monster_truck/ros/src/training/training/images) by extension 'cmake'
[0.305s] Level 1:colcon.colcon_core.package_identification:_identify(/home/juan/lehigh_phd/monster_truck/ros/src/training/training/images) by extension 'python'
[0.305s] Level 1:colcon.colcon_core.package_identification:_identify(/home/juan/lehigh_phd/monster_truck/ros/src/training/training/images) by extensions ['python_setup_py']
[0.305s] Level 1:colcon.colcon_core.package_identification:_identify(/home/juan/lehigh_phd/monster_truck/ros/src/training/training/images) by extension 'python_setup_py'
[0.305s] Level 1:colcon.colcon_core.package_identification:_identify(/home/juan/lehigh_phd/monster_truck/ros/src/training/training/log) by extensions ['ignore', 'ignore_ament_install']
[0.305s] Level 1:colcon.colcon_core.package_identification:_identify(/home/juan/lehigh_phd/monster_truck/ros/src/training/training/log) by extension 'ignore'
[0.306s] Level 1:colcon.colcon_core.package_identification:_identify(/home/juan/lehigh_phd/monster_truck/ros/src/training/training/log) ignored
[0.306s] Level 1:colcon.colcon_core.package_identification:_identify(/home/juan/lehigh_phd/monster_truck/ros/src/training/training/utils) by extensions ['ignore', 'ignore_ament_install']
[0.306s] Level 1:colcon.colcon_core.package_identification:_identify(/home/juan/lehigh_phd/monster_truck/ros/src/training/training/utils) by extension 'ignore'
[0.306s] Level 1:colcon.colcon_core.package_identification:_identify(/home/juan/lehigh_phd/monster_truck/ros/src/training/training/utils) by extension 'ignore_ament_install'
[0.306s] Level 1:colcon.colcon_core.package_identification:_identify(/home/juan/lehigh_phd/monster_truck/ros/src/training/training/utils) by extensions ['colcon_pkg']
[0.306s] Level 1:colcon.colcon_core.package_identification:_identify(/home/juan/lehigh_phd/monster_truck/ros/src/training/training/utils) by extension 'colcon_pkg'
[0.306s] Level 1:colcon.colcon_core.package_identification:_identify(/home/juan/lehigh_phd/monster_truck/ros/src/training/training/utils) by extensions ['colcon_meta']
[0.306s] Level 1:colcon.colcon_core.package_identification:_identify(/home/juan/lehigh_phd/monster_truck/ros/src/training/training/utils) by extension 'colcon_meta'
[0.306s] Level 1:colcon.colcon_core.package_identification:_identify(/home/juan/lehigh_phd/monster_truck/ros/src/training/training/utils) by extensions ['ros']
[0.306s] Level 1:colcon.colcon_core.package_identification:_identify(/home/juan/lehigh_phd/monster_truck/ros/src/training/training/utils) by extension 'ros'
[0.306s] Level 1:colcon.colcon_core.package_identification:_identify(/home/juan/lehigh_phd/monster_truck/ros/src/training/training/utils) by extensions ['cmake', 'python']
[0.306s] Level 1:colcon.colcon_core.package_identification:_identify(/home/juan/lehigh_phd/monster_truck/ros/src/training/training/utils) by extension 'cmake'
[0.306s] Level 1:colcon.colcon_core.package_identification:_identify(/home/juan/lehigh_phd/monster_truck/ros/src/training/training/utils) by extension 'python'
[0.306s] Level 1:colcon.colcon_core.package_identification:_identify(/home/juan/lehigh_phd/monster_truck/ros/src/training/training/utils) by extensions ['python_setup_py']
[0.306s] Level 1:colcon.colcon_core.package_identification:_identify(/home/juan/lehigh_phd/monster_truck/ros/src/training/training/utils) by extension 'python_setup_py'
[0.306s] Level 1:colcon.colcon_core.package_identification:_identify(/home/juan/lehigh_phd/monster_truck/ros/src/training/training/utils/__pycache__) by extensions ['ignore', 'ignore_ament_install']
[0.306s] Level 1:colcon.colcon_core.package_identification:_identify(/home/juan/lehigh_phd/monster_truck/ros/src/training/training/utils/__pycache__) by extension 'ignore'
[0.306s] Level 1:colcon.colcon_core.package_identification:_identify(/home/juan/lehigh_phd/monster_truck/ros/src/training/training/utils/__pycache__) by extension 'ignore_ament_install'
[0.306s] Level 1:colcon.colcon_core.package_identification:_identify(/home/juan/lehigh_phd/monster_truck/ros/src/training/training/utils/__pycache__) by extensions ['colcon_pkg']
[0.306s] Level 1:colcon.colcon_core.package_identification:_identify(/home/juan/lehigh_phd/monster_truck/ros/src/training/training/utils/__pycache__) by extension 'colcon_pkg'
[0.306s] Level 1:colcon.colcon_core.package_identification:_identify(/home/juan/lehigh_phd/monster_truck/ros/src/training/training/utils/__pycache__) by extensions ['colcon_meta']
[0.306s] Level 1:colcon.colcon_core.package_identification:_identify(/home/juan/lehigh_phd/monster_truck/ros/src/training/training/utils/__pycache__) by extension 'colcon_meta'
[0.307s] Level 1:colcon.colcon_core.package_identification:_identify(/home/juan/lehigh_phd/monster_truck/ros/src/training/training/utils/__pycache__) by extensions ['ros']
[0.307s] Level 1:colcon.colcon_core.package_identification:_identify(/home/juan/lehigh_phd/monster_truck/ros/src/training/training/utils/__pycache__) by extension 'ros'
[0.307s] Level 1:colcon.colcon_core.package_identification:_identify(/home/juan/lehigh_phd/monster_truck/ros/src/training/training/utils/__pycache__) by extensions ['cmake', 'python']
[0.307s] Level 1:colcon.colcon_core.package_identification:_identify(/home/juan/lehigh_phd/monster_truck/ros/src/training/training/utils/__pycache__) by extension 'cmake'
[0.307s] Level 1:colcon.colcon_core.package_identification:_identify(/home/juan/lehigh_phd/monster_truck/ros/src/training/training/utils/__pycache__) by extension 'python'
[0.307s] Level 1:colcon.colcon_core.package_identification:_identify(/home/juan/lehigh_phd/monster_truck/ros/src/training/training/utils/__pycache__) by extensions ['python_setup_py']
[0.307s] Level 1:colcon.colcon_core.package_identification:_identify(/home/juan/lehigh_phd/monster_truck/ros/src/training/training/utils/__pycache__) by extension 'python_setup_py'
[0.307s] Level 1:colcon.colcon_core.package_identification:_identify(/home/juan/lehigh_phd/monster_truck/ros/src/training/training/utils/data) by extensions ['ignore', 'ignore_ament_install']
[0.307s] Level 1:colcon.colcon_core.package_identification:_identify(/home/juan/lehigh_phd/monster_truck/ros/src/training/training/utils/data) by extension 'ignore'
[0.307s] Level 1:colcon.colcon_core.package_identification:_identify(/home/juan/lehigh_phd/monster_truck/ros/src/training/training/utils/data) by extension 'ignore_ament_install'
[0.307s] Level 1:colcon.colcon_core.package_identification:_identify(/home/juan/lehigh_phd/monster_truck/ros/src/training/training/utils/data) by extensions ['colcon_pkg']
[0.307s] Level 1:colcon.colcon_core.package_identification:_identify(/home/juan/lehigh_phd/monster_truck/ros/src/training/training/utils/data) by extension 'colcon_pkg'
[0.307s] Level 1:colcon.colcon_core.package_identification:_identify(/home/juan/lehigh_phd/monster_truck/ros/src/training/training/utils/data) by extensions ['colcon_meta']
[0.307s] Level 1:colcon.colcon_core.package_identification:_identify(/home/juan/lehigh_phd/monster_truck/ros/src/training/training/utils/data) by extension 'colcon_meta'
[0.307s] Level 1:colcon.colcon_core.package_identification:_identify(/home/juan/lehigh_phd/monster_truck/ros/src/training/training/utils/data) by extensions ['ros']
[0.307s] Level 1:colcon.colcon_core.package_identification:_identify(/home/juan/lehigh_phd/monster_truck/ros/src/training/training/utils/data) by extension 'ros'
[0.307s] Level 1:colcon.colcon_core.package_identification:_identify(/home/juan/lehigh_phd/monster_truck/ros/src/training/training/utils/data) by extensions ['cmake', 'python']
[0.307s] Level 1:colcon.colcon_core.package_identification:_identify(/home/juan/lehigh_phd/monster_truck/ros/src/training/training/utils/data) by extension 'cmake'
[0.307s] Level 1:colcon.colcon_core.package_identification:_identify(/home/juan/lehigh_phd/monster_truck/ros/src/training/training/utils/data) by extension 'python'
[0.307s] Level 1:colcon.colcon_core.package_identification:_identify(/home/juan/lehigh_phd/monster_truck/ros/src/training/training/utils/data) by extensions ['python_setup_py']
[0.307s] Level 1:colcon.colcon_core.package_identification:_identify(/home/juan/lehigh_phd/monster_truck/ros/src/training/training/utils/data) by extension 'python_setup_py'
[0.307s] Level 1:colcon.colcon_core.package_identification:_identify(/home/juan/lehigh_phd/monster_truck/ros/src/training/training/utils/models) by extensions ['ignore', 'ignore_ament_install']
[0.307s] Level 1:colcon.colcon_core.package_identification:_identify(/home/juan/lehigh_phd/monster_truck/ros/src/training/training/utils/models) by extension 'ignore'
[0.307s] Level 1:colcon.colcon_core.package_identification:_identify(/home/juan/lehigh_phd/monster_truck/ros/src/training/training/utils/models) by extension 'ignore_ament_install'
[0.307s] Level 1:colcon.colcon_core.package_identification:_identify(/home/juan/lehigh_phd/monster_truck/ros/src/training/training/utils/models) by extensions ['colcon_pkg']
[0.307s] Level 1:colcon.colcon_core.package_identification:_identify(/home/juan/lehigh_phd/monster_truck/ros/src/training/training/utils/models) by extension 'colcon_pkg'
[0.307s] Level 1:colcon.colcon_core.package_identification:_identify(/home/juan/lehigh_phd/monster_truck/ros/src/training/training/utils/models) by extensions ['colcon_meta']
[0.307s] Level 1:colcon.colcon_core.package_identification:_identify(/home/juan/lehigh_phd/monster_truck/ros/src/training/training/utils/models) by extension 'colcon_meta'
[0.307s] Level 1:colcon.colcon_core.package_identification:_identify(/home/juan/lehigh_phd/monster_truck/ros/src/training/training/utils/models) by extensions ['ros']
[0.308s] Level 1:colcon.colcon_core.package_identification:_identify(/home/juan/lehigh_phd/monster_truck/ros/src/training/training/utils/models) by extension 'ros'
[0.308s] Level 1:colcon.colcon_core.package_identification:_identify(/home/juan/lehigh_phd/monster_truck/ros/src/training/training/utils/models) by extensions ['cmake', 'python']
[0.308s] Level 1:colcon.colcon_core.package_identification:_identify(/home/juan/lehigh_phd/monster_truck/ros/src/training/training/utils/models) by extension 'cmake'
[0.308s] Level 1:colcon.colcon_core.package_identification:_identify(/home/juan/lehigh_phd/monster_truck/ros/src/training/training/utils/models) by extension 'python'
[0.308s] Level 1:colcon.colcon_core.package_identification:_identify(/home/juan/lehigh_phd/monster_truck/ros/src/training/training/utils/models) by extensions ['python_setup_py']
[0.308s] Level 1:colcon.colcon_core.package_identification:_identify(/home/juan/lehigh_phd/monster_truck/ros/src/training/training/utils/models) by extension 'python_setup_py'
[0.308s] Level 1:colcon.colcon_core.package_identification:_identify(/home/juan/lehigh_phd/monster_truck/ros/src/training/training/utils/plots) by extensions ['ignore', 'ignore_ament_install']
[0.308s] Level 1:colcon.colcon_core.package_identification:_identify(/home/juan/lehigh_phd/monster_truck/ros/src/training/training/utils/plots) by extension 'ignore'
[0.308s] Level 1:colcon.colcon_core.package_identification:_identify(/home/juan/lehigh_phd/monster_truck/ros/src/training/training/utils/plots) by extension 'ignore_ament_install'
[0.308s] Level 1:colcon.colcon_core.package_identification:_identify(/home/juan/lehigh_phd/monster_truck/ros/src/training/training/utils/plots) by extensions ['colcon_pkg']
[0.308s] Level 1:colcon.colcon_core.package_identification:_identify(/home/juan/lehigh_phd/monster_truck/ros/src/training/training/utils/plots) by extension 'colcon_pkg'
[0.308s] Level 1:colcon.colcon_core.package_identification:_identify(/home/juan/lehigh_phd/monster_truck/ros/src/training/training/utils/plots) by extensions ['colcon_meta']
[0.308s] Level 1:colcon.colcon_core.package_identification:_identify(/home/juan/lehigh_phd/monster_truck/ros/src/training/training/utils/plots) by extension 'colcon_meta'
[0.308s] Level 1:colcon.colcon_core.package_identification:_identify(/home/juan/lehigh_phd/monster_truck/ros/src/training/training/utils/plots) by extensions ['ros']
[0.308s] Level 1:colcon.colcon_core.package_identification:_identify(/home/juan/lehigh_phd/monster_truck/ros/src/training/training/utils/plots) by extension 'ros'
[0.308s] Level 1:colcon.colcon_core.package_identification:_identify(/home/juan/lehigh_phd/monster_truck/ros/src/training/training/utils/plots) by extensions ['cmake', 'python']
[0.308s] Level 1:colcon.colcon_core.package_identification:_identify(/home/juan/lehigh_phd/monster_truck/ros/src/training/training/utils/plots) by extension 'cmake'
[0.308s] Level 1:colcon.colcon_core.package_identification:_identify(/home/juan/lehigh_phd/monster_truck/ros/src/training/training/utils/plots) by extension 'python'
[0.308s] Level 1:colcon.colcon_core.package_identification:_identify(/home/juan/lehigh_phd/monster_truck/ros/src/training/training/utils/plots) by extensions ['python_setup_py']
[0.308s] Level 1:colcon.colcon_core.package_identification:_identify(/home/juan/lehigh_phd/monster_truck/ros/src/training/training/utils/plots) by extension 'python_setup_py'
[0.308s] Level 1:colcon.colcon_core.package_discovery:discover_packages(recursive) using defaults
