[0.091s] DEBUG:colcon:Command line arguments: ['/usr/bin/colcon', 'build', '--packages-select', 'leo_example_follow_aruco_marker']
[0.091s] DEBUG:colcon:Parsed command line arguments: Namespace(log_base=None, log_level=None, verb_name='build', build_base='build', install_base='install', merge_install=False, symlink_install=False, test_result_base=None, continue_on_error=False, executor='parallel', parallel_workers=24, event_handlers=None, ignore_user_meta=False, metas=['./colcon.meta'], base_paths=['.'], packages_ignore=None, packages_ignore_regex=None, paths=None, packages_up_to=None, packages_up_to_regex=None, packages_above=None, packages_above_and_dependencies=None, packages_above_depth=None, packages_select_by_dep=None, packages_skip_by_dep=None, packages_skip_up_to=None, packages_select_build_failed=False, packages_skip_build_finished=False, packages_select_test_failures=False, packages_skip_test_passed=False, packages_select=['leo_example_follow_aruco_marker'], packages_skip=None, packages_select_regex=None, packages_skip_regex=None, packages_start=None, packages_end=None, cmake_args=None, cmake_target=None, cmake_target_skip_unavailable=False, cmake_clean_cache=False, cmake_clean_first=False, cmake_force_configure=False, ament_cmake_args=None, catkin_cmake_args=None, catkin_skip_building_tests=False, mixin_files=None, mixin=None, verb_parser=<colcon_mixin.mixin.mixin_argument.MixinArgumentDecorator object at 0x77c9db3ca0f0>, verb_extension=<colcon_core.verb.build.BuildVerb object at 0x77c9db378dd0>, main=<bound method BuildVerb.main of <colcon_core.verb.build.BuildVerb object at 0x77c9db378dd0>>, mixin_verb=('build',))
[0.117s] Level 1:colcon.colcon_core.package_discovery:discover_packages(colcon_meta) check parameters
[0.118s] INFO:colcon.colcon_metadata.package_discovery.colcon_meta:Using configuration from '/root/.colcon/metadata/default/Gazebo.meta'
[0.118s] INFO:colcon.colcon_metadata.package_discovery.colcon_meta:Using configuration from '/root/.colcon/metadata/default/fastdds.meta'
[0.118s] INFO:colcon.colcon_metadata.package_discovery.colcon_meta:Using configuration from '/root/.colcon/metadata/default/fastrtps.meta'
[0.118s] Level 1:colcon.colcon_core.package_discovery:discover_packages(recursive) check parameters
[0.118s] Level 1:colcon.colcon_core.package_discovery:discover_packages(ignore) check parameters
[0.118s] Level 1:colcon.colcon_core.package_discovery:discover_packages(path) check parameters
[0.118s] Level 1:colcon.colcon_core.package_discovery:discover_packages(colcon_meta) discover
[0.118s] Level 1:colcon.colcon_core.package_discovery:discover_packages(recursive) discover
[0.118s] INFO:colcon.colcon_core.package_discovery:Crawling recursively for packages in '/ros_ws'
[0.118s] Level 1:colcon.colcon_core.package_identification:_identify(.) by extensions ['ignore', 'ignore_ament_install']
[0.118s] Level 1:colcon.colcon_core.package_identification:_identify(.) by extension 'ignore'
[0.118s] Level 1:colcon.colcon_core.package_identification:_identify(.) by extension 'ignore_ament_install'
[0.118s] Level 1:colcon.colcon_core.package_identification:_identify(.) by extensions ['colcon_pkg']
[0.118s] Level 1:colcon.colcon_core.package_identification:_identify(.) by extension 'colcon_pkg'
[0.118s] Level 1:colcon.colcon_core.package_identification:_identify(.) by extensions ['colcon_meta']
[0.118s] Level 1:colcon.colcon_core.package_identification:_identify(.) by extension 'colcon_meta'
[0.118s] Level 1:colcon.colcon_core.package_identification:_identify(.) by extensions ['ros']
[0.118s] Level 1:colcon.colcon_core.package_identification:_identify(.) by extension 'ros'
[0.135s] Level 1:colcon.colcon_core.package_identification:_identify(.) by extensions ['cmake', 'python']
[0.135s] Level 1:colcon.colcon_core.package_identification:_identify(.) by extension 'cmake'
[0.135s] Level 1:colcon.colcon_core.package_identification:_identify(.) by extension 'python'
[0.135s] Level 1:colcon.colcon_core.package_identification:_identify(.) by extensions ['python_setup_py']
[0.135s] Level 1:colcon.colcon_core.package_identification:_identify(.) by extension 'python_setup_py'
[0.135s] Level 1:colcon.colcon_core.package_identification:_identify(build) by extensions ['ignore', 'ignore_ament_install']
[0.135s] Level 1:colcon.colcon_core.package_identification:_identify(build) by extension 'ignore'
[0.135s] Level 1:colcon.colcon_core.package_identification:_identify(build) ignored
[0.135s] Level 1:colcon.colcon_core.package_identification:_identify(docker) by extensions ['ignore', 'ignore_ament_install']
[0.135s] Level 1:colcon.colcon_core.package_identification:_identify(docker) by extension 'ignore'
[0.135s] Level 1:colcon.colcon_core.package_identification:_identify(docker) by extension 'ignore_ament_install'
[0.135s] Level 1:colcon.colcon_core.package_identification:_identify(docker) by extensions ['colcon_pkg']
[0.135s] Level 1:colcon.colcon_core.package_identification:_identify(docker) by extension 'colcon_pkg'
[0.135s] Level 1:colcon.colcon_core.package_identification:_identify(docker) by extensions ['colcon_meta']
[0.135s] Level 1:colcon.colcon_core.package_identification:_identify(docker) by extension 'colcon_meta'
[0.135s] Level 1:colcon.colcon_core.package_identification:_identify(docker) by extensions ['ros']
[0.135s] Level 1:colcon.colcon_core.package_identification:_identify(docker) by extension 'ros'
[0.135s] Level 1:colcon.colcon_core.package_identification:_identify(docker) by extensions ['cmake', 'python']
[0.135s] Level 1:colcon.colcon_core.package_identification:_identify(docker) by extension 'cmake'
[0.135s] Level 1:colcon.colcon_core.package_identification:_identify(docker) by extension 'python'
[0.135s] Level 1:colcon.colcon_core.package_identification:_identify(docker) by extensions ['python_setup_py']
[0.135s] Level 1:colcon.colcon_core.package_identification:_identify(docker) by extension 'python_setup_py'
[0.135s] Level 1:colcon.colcon_core.package_identification:_identify(install) by extensions ['ignore', 'ignore_ament_install']
[0.135s] Level 1:colcon.colcon_core.package_identification:_identify(install) by extension 'ignore'
[0.135s] Level 1:colcon.colcon_core.package_identification:_identify(install) ignored
[0.135s] Level 1:colcon.colcon_core.package_identification:_identify(log) by extensions ['ignore', 'ignore_ament_install']
[0.135s] Level 1:colcon.colcon_core.package_identification:_identify(log) by extension 'ignore'
[0.135s] Level 1:colcon.colcon_core.package_identification:_identify(log) ignored
[0.135s] Level 1:colcon.colcon_core.package_identification:_identify(src) by extensions ['ignore', 'ignore_ament_install']
[0.135s] Level 1:colcon.colcon_core.package_identification:_identify(src) by extension 'ignore'
[0.135s] Level 1:colcon.colcon_core.package_identification:_identify(src) by extension 'ignore_ament_install'
[0.135s] Level 1:colcon.colcon_core.package_identification:_identify(src) by extensions ['colcon_pkg']
[0.135s] Level 1:colcon.colcon_core.package_identification:_identify(src) by extension 'colcon_pkg'
[0.135s] Level 1:colcon.colcon_core.package_identification:_identify(src) by extensions ['colcon_meta']
[0.135s] Level 1:colcon.colcon_core.package_identification:_identify(src) by extension 'colcon_meta'
[0.135s] Level 1:colcon.colcon_core.package_identification:_identify(src) by extensions ['ros']
[0.135s] Level 1:colcon.colcon_core.package_identification:_identify(src) by extension 'ros'
[0.135s] Level 1:colcon.colcon_core.package_identification:_identify(src) by extensions ['cmake', 'python']
[0.135s] Level 1:colcon.colcon_core.package_identification:_identify(src) by extension 'cmake'
[0.136s] Level 1:colcon.colcon_core.package_identification:_identify(src) by extension 'python'
[0.136s] Level 1:colcon.colcon_core.package_identification:_identify(src) by extensions ['python_setup_py']
[0.136s] Level 1:colcon.colcon_core.package_identification:_identify(src) by extension 'python_setup_py'
[0.136s] Level 1:colcon.colcon_core.package_identification:_identify(src/control) by extensions ['ignore', 'ignore_ament_install']
[0.136s] Level 1:colcon.colcon_core.package_identification:_identify(src/control) by extension 'ignore'
[0.136s] Level 1:colcon.colcon_core.package_identification:_identify(src/control) by extension 'ignore_ament_install'
[0.136s] Level 1:colcon.colcon_core.package_identification:_identify(src/control) by extensions ['colcon_pkg']
[0.136s] Level 1:colcon.colcon_core.package_identification:_identify(src/control) by extension 'colcon_pkg'
[0.136s] Level 1:colcon.colcon_core.package_identification:_identify(src/control) by extensions ['colcon_meta']
[0.136s] Level 1:colcon.colcon_core.package_identification:_identify(src/control) by extension 'colcon_meta'
[0.136s] Level 1:colcon.colcon_core.package_identification:_identify(src/control) by extensions ['ros']
[0.136s] Level 1:colcon.colcon_core.package_identification:_identify(src/control) by extension 'ros'
[0.137s] DEBUG:colcon.colcon_core.package_identification:Package 'src/control' with type 'ros.ament_python' and name 'control'
[0.138s] Level 1:colcon.colcon_core.package_identification:_identify(src/flip) by extensions ['ignore', 'ignore_ament_install']
[0.138s] Level 1:colcon.colcon_core.package_identification:_identify(src/flip) by extension 'ignore'
[0.138s] Level 1:colcon.colcon_core.package_identification:_identify(src/flip) by extension 'ignore_ament_install'
[0.138s] Level 1:colcon.colcon_core.package_identification:_identify(src/flip) by extensions ['colcon_pkg']
[0.138s] Level 1:colcon.colcon_core.package_identification:_identify(src/flip) by extension 'colcon_pkg'
[0.138s] Level 1:colcon.colcon_core.package_identification:_identify(src/flip) by extensions ['colcon_meta']
[0.138s] Level 1:colcon.colcon_core.package_identification:_identify(src/flip) by extension 'colcon_meta'
[0.138s] Level 1:colcon.colcon_core.package_identification:_identify(src/flip) by extensions ['ros']
[0.138s] Level 1:colcon.colcon_core.package_identification:_identify(src/flip) by extension 'ros'
[0.138s] DEBUG:colcon.colcon_core.package_identification:Package 'src/flip' with type 'ros.ament_python' and name 'flip'
[0.138s] Level 1:colcon.colcon_core.package_identification:_identify(src/leo_example_follow_aruco_marker) by extensions ['ignore', 'ignore_ament_install']
[0.138s] Level 1:colcon.colcon_core.package_identification:_identify(src/leo_example_follow_aruco_marker) by extension 'ignore'
[0.138s] Level 1:colcon.colcon_core.package_identification:_identify(src/leo_example_follow_aruco_marker) by extension 'ignore_ament_install'
[0.138s] Level 1:colcon.colcon_core.package_identification:_identify(src/leo_example_follow_aruco_marker) by extensions ['colcon_pkg']
[0.138s] Level 1:colcon.colcon_core.package_identification:_identify(src/leo_example_follow_aruco_marker) by extension 'colcon_pkg'
[0.138s] Level 1:colcon.colcon_core.package_identification:_identify(src/leo_example_follow_aruco_marker) by extensions ['colcon_meta']
[0.138s] Level 1:colcon.colcon_core.package_identification:_identify(src/leo_example_follow_aruco_marker) by extension 'colcon_meta'
[0.138s] Level 1:colcon.colcon_core.package_identification:_identify(src/leo_example_follow_aruco_marker) by extensions ['ros']
[0.138s] Level 1:colcon.colcon_core.package_identification:_identify(src/leo_example_follow_aruco_marker) by extension 'ros'
[0.139s] DEBUG:colcon.colcon_core.package_identification:Package 'src/leo_example_follow_aruco_marker' with type 'ros.ament_cmake' and name 'leo_example_follow_aruco_marker'
[0.139s] Level 1:colcon.colcon_core.package_identification:_identify(src/obstacles) by extensions ['ignore', 'ignore_ament_install']
[0.139s] Level 1:colcon.colcon_core.package_identification:_identify(src/obstacles) by extension 'ignore'
[0.139s] Level 1:colcon.colcon_core.package_identification:_identify(src/obstacles) by extension 'ignore_ament_install'
[0.139s] Level 1:colcon.colcon_core.package_identification:_identify(src/obstacles) by extensions ['colcon_pkg']
[0.139s] Level 1:colcon.colcon_core.package_identification:_identify(src/obstacles) by extension 'colcon_pkg'
[0.139s] Level 1:colcon.colcon_core.package_identification:_identify(src/obstacles) by extensions ['colcon_meta']
[0.139s] Level 1:colcon.colcon_core.package_identification:_identify(src/obstacles) by extension 'colcon_meta'
[0.139s] Level 1:colcon.colcon_core.package_identification:_identify(src/obstacles) by extensions ['ros']
[0.139s] Level 1:colcon.colcon_core.package_identification:_identify(src/obstacles) by extension 'ros'
[0.139s] DEBUG:colcon.colcon_core.package_identification:Package 'src/obstacles' with type 'ros.ament_python' and name 'obstacles'
[0.139s] Level 1:colcon.colcon_core.package_identification:_identify(src/online_gp) by extensions ['ignore', 'ignore_ament_install']
[0.139s] Level 1:colcon.colcon_core.package_identification:_identify(src/online_gp) by extension 'ignore'
[0.139s] Level 1:colcon.colcon_core.package_identification:_identify(src/online_gp) by extension 'ignore_ament_install'
[0.139s] Level 1:colcon.colcon_core.package_identification:_identify(src/online_gp) by extensions ['colcon_pkg']
[0.139s] Level 1:colcon.colcon_core.package_identification:_identify(src/online_gp) by extension 'colcon_pkg'
[0.139s] Level 1:colcon.colcon_core.package_identification:_identify(src/online_gp) by extensions ['colcon_meta']
[0.139s] Level 1:colcon.colcon_core.package_identification:_identify(src/online_gp) by extension 'colcon_meta'
[0.139s] Level 1:colcon.colcon_core.package_identification:_identify(src/online_gp) by extensions ['ros']
[0.139s] Level 1:colcon.colcon_core.package_identification:_identify(src/online_gp) by extension 'ros'
[0.140s] DEBUG:colcon.colcon_core.package_identification:Package 'src/online_gp' with type 'ros.ament_python' and name 'online_gp'
[0.140s] Level 1:colcon.colcon_core.package_identification:_identify(src/optitrack) by extensions ['ignore', 'ignore_ament_install']
[0.140s] Level 1:colcon.colcon_core.package_identification:_identify(src/optitrack) by extension 'ignore'
[0.140s] Level 1:colcon.colcon_core.package_identification:_identify(src/optitrack) by extension 'ignore_ament_install'
[0.140s] Level 1:colcon.colcon_core.package_identification:_identify(src/optitrack) by extensions ['colcon_pkg']
[0.140s] Level 1:colcon.colcon_core.package_identification:_identify(src/optitrack) by extension 'colcon_pkg'
[0.140s] Level 1:colcon.colcon_core.package_identification:_identify(src/optitrack) by extensions ['colcon_meta']
[0.140s] Level 1:colcon.colcon_core.package_identification:_identify(src/optitrack) by extension 'colcon_meta'
[0.140s] Level 1:colcon.colcon_core.package_identification:_identify(src/optitrack) by extensions ['ros']
[0.140s] Level 1:colcon.colcon_core.package_identification:_identify(src/optitrack) by extension 'ros'
[0.140s] DEBUG:colcon.colcon_core.package_identification:Package 'src/optitrack' with type 'ros.ament_python' and name 'optitrack'
[0.140s] Level 1:colcon.colcon_core.package_identification:_identify(src/pixhawk_248) by extensions ['ignore', 'ignore_ament_install']
[0.140s] Level 1:colcon.colcon_core.package_identification:_identify(src/pixhawk_248) by extension 'ignore'
[0.140s] Level 1:colcon.colcon_core.package_identification:_identify(src/pixhawk_248) by extension 'ignore_ament_install'
[0.140s] Level 1:colcon.colcon_core.package_identification:_identify(src/pixhawk_248) by extensions ['colcon_pkg']
[0.140s] Level 1:colcon.colcon_core.package_identification:_identify(src/pixhawk_248) by extension 'colcon_pkg'
[0.140s] Level 1:colcon.colcon_core.package_identification:_identify(src/pixhawk_248) by extensions ['colcon_meta']
[0.140s] Level 1:colcon.colcon_core.package_identification:_identify(src/pixhawk_248) by extension 'colcon_meta'
[0.140s] Level 1:colcon.colcon_core.package_identification:_identify(src/pixhawk_248) by extensions ['ros']
[0.140s] Level 1:colcon.colcon_core.package_identification:_identify(src/pixhawk_248) by extension 'ros'
[0.141s] DEBUG:colcon.colcon_core.package_identification:Package 'src/pixhawk_248' with type 'ros.ament_python' and name 'pixhawk_248'
[0.141s] Level 1:colcon.colcon_core.package_identification:_identify(src/training) by extensions ['ignore', 'ignore_ament_install']
[0.141s] Level 1:colcon.colcon_core.package_identification:_identify(src/training) by extension 'ignore'
[0.141s] Level 1:colcon.colcon_core.package_identification:_identify(src/training) by extension 'ignore_ament_install'
[0.141s] Level 1:colcon.colcon_core.package_identification:_identify(src/training) by extensions ['colcon_pkg']
[0.141s] Level 1:colcon.colcon_core.package_identification:_identify(src/training) by extension 'colcon_pkg'
[0.141s] Level 1:colcon.colcon_core.package_identification:_identify(src/training) by extensions ['colcon_meta']
[0.141s] Level 1:colcon.colcon_core.package_identification:_identify(src/training) by extension 'colcon_meta'
[0.141s] Level 1:colcon.colcon_core.package_identification:_identify(src/training) by extensions ['ros']
[0.141s] Level 1:colcon.colcon_core.package_identification:_identify(src/training) by extension 'ros'
[0.141s] DEBUG:colcon.colcon_core.package_identification:Package 'src/training' with type 'ros.ament_python' and name 'training'
[0.141s] Level 1:colcon.colcon_core.package_identification:_identify(src/wheelie) by extensions ['ignore', 'ignore_ament_install']
[0.141s] Level 1:colcon.colcon_core.package_identification:_identify(src/wheelie) by extension 'ignore'
[0.141s] Level 1:colcon.colcon_core.package_identification:_identify(src/wheelie) by extension 'ignore_ament_install'
[0.141s] Level 1:colcon.colcon_core.package_identification:_identify(src/wheelie) by extensions ['colcon_pkg']
[0.141s] Level 1:colcon.colcon_core.package_identification:_identify(src/wheelie) by extension 'colcon_pkg'
[0.141s] Level 1:colcon.colcon_core.package_identification:_identify(src/wheelie) by extensions ['colcon_meta']
[0.141s] Level 1:colcon.colcon_core.package_identification:_identify(src/wheelie) by extension 'colcon_meta'
[0.141s] Level 1:colcon.colcon_core.package_identification:_identify(src/wheelie) by extensions ['ros']
[0.141s] Level 1:colcon.colcon_core.package_identification:_identify(src/wheelie) by extension 'ros'
[0.142s] DEBUG:colcon.colcon_core.package_identification:Package 'src/wheelie' with type 'ros.ament_python' and name 'wheelie'
[0.142s] Level 1:colcon.colcon_core.package_discovery:discover_packages(recursive) using defaults
[0.142s] Level 1:colcon.colcon_core.package_discovery:discover_packages(ignore) discover
[0.142s] Level 1:colcon.colcon_core.package_discovery:discover_packages(ignore) using defaults
[0.142s] Level 1:colcon.colcon_core.package_discovery:discover_packages(path) discover
[0.142s] Level 1:colcon.colcon_core.package_discovery:discover_packages(path) using defaults
[0.155s] INFO:colcon.colcon_core.package_selection:Skipping not selected package 'control' in 'src/control'
[0.155s] INFO:colcon.colcon_core.package_selection:Skipping not selected package 'flip' in 'src/flip'
[0.155s] INFO:colcon.colcon_core.package_selection:Skipping not selected package 'obstacles' in 'src/obstacles'
[0.155s] INFO:colcon.colcon_core.package_selection:Skipping not selected package 'online_gp' in 'src/online_gp'
[0.155s] INFO:colcon.colcon_core.package_selection:Skipping not selected package 'optitrack' in 'src/optitrack'
[0.155s] INFO:colcon.colcon_core.package_selection:Skipping not selected package 'pixhawk_248' in 'src/pixhawk_248'
[0.155s] INFO:colcon.colcon_core.package_selection:Skipping not selected package 'training' in 'src/training'
[0.155s] INFO:colcon.colcon_core.package_selection:Skipping not selected package 'wheelie' in 'src/wheelie'
[0.155s] Level 5:colcon.colcon_core.verb:set package 'leo_example_follow_aruco_marker' build argument 'cmake_args' from command line to 'None'
[0.155s] Level 5:colcon.colcon_core.verb:set package 'leo_example_follow_aruco_marker' build argument 'cmake_target' from command line to 'None'
[0.155s] Level 5:colcon.colcon_core.verb:set package 'leo_example_follow_aruco_marker' build argument 'cmake_target_skip_unavailable' from command line to 'False'
[0.155s] Level 5:colcon.colcon_core.verb:set package 'leo_example_follow_aruco_marker' build argument 'cmake_clean_cache' from command line to 'False'
[0.155s] Level 5:colcon.colcon_core.verb:set package 'leo_example_follow_aruco_marker' build argument 'cmake_clean_first' from command line to 'False'
[0.155s] Level 5:colcon.colcon_core.verb:set package 'leo_example_follow_aruco_marker' build argument 'cmake_force_configure' from command line to 'False'
[0.155s] Level 5:colcon.colcon_core.verb:set package 'leo_example_follow_aruco_marker' build argument 'ament_cmake_args' from command line to 'None'
[0.155s] Level 5:colcon.colcon_core.verb:set package 'leo_example_follow_aruco_marker' build argument 'catkin_cmake_args' from command line to 'None'
[0.155s] Level 5:colcon.colcon_core.verb:set package 'leo_example_follow_aruco_marker' build argument 'catkin_skip_building_tests' from command line to 'False'
[0.155s] DEBUG:colcon.colcon_core.verb:Building package 'leo_example_follow_aruco_marker' with the following arguments: {'ament_cmake_args': None, 'build_base': '/ros_ws/build/leo_example_follow_aruco_marker', 'catkin_cmake_args': None, 'catkin_skip_building_tests': False, 'cmake_args': None, 'cmake_clean_cache': False, 'cmake_clean_first': False, 'cmake_force_configure': False, 'cmake_target': None, 'cmake_target_skip_unavailable': False, 'install_base': '/ros_ws/install/leo_example_follow_aruco_marker', 'merge_install': False, 'path': '/ros_ws/src/leo_example_follow_aruco_marker', 'symlink_install': False, 'test_result_base': None}
[0.155s] INFO:colcon.colcon_core.executor:Executing jobs using 'parallel' executor
[0.156s] DEBUG:colcon.colcon_parallel_executor.executor.parallel:run_until_complete
[0.156s] INFO:colcon.colcon_ros.task.ament_cmake.build:Building ROS package in '/ros_ws/src/leo_example_follow_aruco_marker' with build type 'ament_cmake'
[0.156s] INFO:colcon.colcon_cmake.task.cmake.build:Building CMake package in '/ros_ws/src/leo_example_follow_aruco_marker'
[0.158s] INFO:colcon.colcon_core.plugin_system:Skipping extension 'colcon_core.shell.bat': Not used on non-Windows systems
[0.158s] INFO:colcon.colcon_core.shell:Skip shell extension 'powershell' for command environment: Not usable outside of PowerShell
[0.158s] DEBUG:colcon.colcon_core.shell:Skip shell extension 'dsv' for command environment
[0.164s] DEBUG:colcon.colcon_core.event_handler.log_command:Invoking command in '/ros_ws/build/leo_example_follow_aruco_marker': CMAKE_PREFIX_PATH=${CMAKE_PREFIX_PATH}:/opt/ros/jazzy /usr/bin/cmake /ros_ws/src/leo_example_follow_aruco_marker -DCMAKE_INSTALL_PREFIX=/ros_ws/install/leo_example_follow_aruco_marker
[0.686s] DEBUG:colcon.colcon_core.event_handler.log_command:Invoked command in '/ros_ws/build/leo_example_follow_aruco_marker' returned '1': CMAKE_PREFIX_PATH=${CMAKE_PREFIX_PATH}:/opt/ros/jazzy /usr/bin/cmake /ros_ws/src/leo_example_follow_aruco_marker -DCMAKE_INSTALL_PREFIX=/ros_ws/install/leo_example_follow_aruco_marker
[0.693s] Level 1:colcon.colcon_core.environment:create_environment_scripts_only(leo_example_follow_aruco_marker)
[0.698s] Level 1:colcon.colcon_core.environment:checking '/ros_ws/install/leo_example_follow_aruco_marker' for CMake module files
[0.698s] Level 1:colcon.colcon_core.environment:checking '/ros_ws/install/leo_example_follow_aruco_marker' for CMake config files
[0.698s] Level 1:colcon.colcon_core.environment:checking '/ros_ws/install/leo_example_follow_aruco_marker/bin'
[0.698s] Level 1:colcon.colcon_core.environment:checking '/ros_ws/install/leo_example_follow_aruco_marker/lib/pkgconfig/leo_example_follow_aruco_marker.pc'
[0.699s] Level 1:colcon.colcon_core.environment:checking '/ros_ws/install/leo_example_follow_aruco_marker/lib/python3.12/site-packages'
[0.699s] Level 1:colcon.colcon_core.environment:checking '/ros_ws/install/leo_example_follow_aruco_marker/bin'
[0.699s] INFO:colcon.colcon_core.shell:Creating package script '/ros_ws/install/leo_example_follow_aruco_marker/share/leo_example_follow_aruco_marker/package.ps1'
[0.700s] INFO:colcon.colcon_core.shell:Creating package descriptor '/ros_ws/install/leo_example_follow_aruco_marker/share/leo_example_follow_aruco_marker/package.dsv'
[0.700s] INFO:colcon.colcon_core.shell:Creating package script '/ros_ws/install/leo_example_follow_aruco_marker/share/leo_example_follow_aruco_marker/package.sh'
[0.700s] INFO:colcon.colcon_core.shell:Creating package script '/ros_ws/install/leo_example_follow_aruco_marker/share/leo_example_follow_aruco_marker/package.bash'
[0.701s] INFO:colcon.colcon_core.shell:Creating package script '/ros_ws/install/leo_example_follow_aruco_marker/share/leo_example_follow_aruco_marker/package.zsh'
[0.701s] Level 1:colcon.colcon_core.environment:create_file_with_runtime_dependencies(/ros_ws/install/leo_example_follow_aruco_marker/share/colcon-core/packages/leo_example_follow_aruco_marker)
[0.712s] DEBUG:colcon.colcon_parallel_executor.executor.parallel:closing loop
[0.712s] DEBUG:colcon.colcon_parallel_executor.executor.parallel:loop closed
[0.712s] DEBUG:colcon.colcon_parallel_executor.executor.parallel:run_until_complete finished with '1'
[0.712s] DEBUG:colcon.colcon_core.event_reactor:joining thread
[0.718s] INFO:colcon.colcon_core.plugin_system:Skipping extension 'colcon_notification.desktop_notification.notify_send': Could not find 'notify-send'
[0.718s] INFO:colcon.colcon_core.plugin_system:Skipping extension 'colcon_notification.desktop_notification.terminal_notifier': Not used on non-Darwin systems
[0.718s] INFO:colcon.colcon_core.plugin_system:Skipping extension 'colcon_notification.desktop_notification.win32': Not used on non-Windows systems
[0.718s] INFO:colcon.colcon_notification.desktop_notification:Sending desktop notification using 'notify2'
[0.720s] DEBUG:colcon.colcon_notification.desktop_notification.notify2:Failed to initialize notify2: org.freedesktop.DBus.Error.Spawn.ExecFailed: /usr/bin/dbus-launch terminated abnormally without any error message
[0.720s] DEBUG:colcon.colcon_core.event_reactor:joined thread
[0.720s] INFO:colcon.colcon_core.shell:Creating prefix script '/ros_ws/install/local_setup.ps1'
[0.721s] INFO:colcon.colcon_core.shell:Creating prefix util module '/ros_ws/install/_local_setup_util_ps1.py'
[0.722s] INFO:colcon.colcon_core.shell:Creating prefix chain script '/ros_ws/install/setup.ps1'
[0.722s] INFO:colcon.colcon_core.shell:Creating prefix script '/ros_ws/install/local_setup.sh'
[0.723s] INFO:colcon.colcon_core.shell:Creating prefix util module '/ros_ws/install/_local_setup_util_sh.py'
[0.723s] INFO:colcon.colcon_core.shell:Creating prefix chain script '/ros_ws/install/setup.sh'
[0.723s] INFO:colcon.colcon_core.shell:Creating prefix script '/ros_ws/install/local_setup.bash'
[0.724s] INFO:colcon.colcon_core.shell:Creating prefix chain script '/ros_ws/install/setup.bash'
[0.724s] INFO:colcon.colcon_core.shell:Creating prefix script '/ros_ws/install/local_setup.zsh'
[0.724s] INFO:colcon.colcon_core.shell:Creating prefix chain script '/ros_ws/install/setup.zsh'
