running egg_info
writing ../../build/training/training.egg-info/PKG-INFO
writing dependency_links to ../../build/training/training.egg-info/dependency_links.txt
writing requirements to ../../build/training/training.egg-info/requires.txt
writing top-level names to ../../build/training/training.egg-info/top_level.txt
reading manifest file '../../build/training/training.egg-info/SOURCES.txt'
writing manifest file '../../build/training/training.egg-info/SOURCES.txt'
running build
running build_py
copying training/mujoco_model.py -> /ros_ws/build/training/build/lib/training
copying training/collect_data.py -> /ros_ws/build/training/build/lib/training
running install
running install_lib
copying /ros_ws/build/training/build/lib/training/mujoco_model.py -> /ros_ws/install/training/lib/python3.12/site-packages/training
copying /ros_ws/build/training/build/lib/training/collect_data.py -> /ros_ws/install/training/lib/python3.12/site-packages/training
byte-compiling /ros_ws/install/training/lib/python3.12/site-packages/training/mujoco_model.py to mujoco_model.cpython-312.pyc
byte-compiling /ros_ws/install/training/lib/python3.12/site-packages/training/collect_data.py to collect_data.cpython-312.pyc
running install_data
running install_egg_info
removing '/ros_ws/install/training/lib/python3.12/site-packages/training-0.0.0-py3.12.egg-info' (and everything under it)
Copying ../../build/training/training.egg-info to /ros_ws/install/training/lib/python3.12/site-packages/training-0.0.0-py3.12.egg-info
running install_scripts
writing list of installed files to '/ros_ws/build/training/install.log'
