/ros_ws/install/obstacles/lib/python3.12/site-packages/obstacles/collect_data.py
/ros_ws/install/obstacles/lib/python3.12/site-packages/obstacles/manual_car.py
/ros_ws/install/obstacles/lib/python3.12/site-packages/obstacles/__init__.py
/ros_ws/install/obstacles/lib/python3.12/site-packages/obstacles/manual_data_collection.py
/ros_ws/install/obstacles/lib/python3.12/site-packages/obstacles/al_mppi_controller_node.py
/ros_ws/install/obstacles/lib/python3.12/site-packages/obstacles/gp/re_train_dynamics_gp.py
/ros_ws/install/obstacles/lib/python3.12/site-packages/obstacles/gp/train_dynamics_gp.py
/ros_ws/install/obstacles/lib/python3.12/site-packages/obstacles/gp/gp_dynamics.py
/ros_ws/install/obstacles/lib/python3.12/site-packages/obstacles/gp/train_dynamics_svgp.py
/ros_ws/install/obstacles/lib/python3.12/site-packages/obstacles/gp/eval_gp_models.py
/ros_ws/install/obstacles/lib/python3.12/site-packages/obstacles/gp/__init__.py
/ros_ws/install/obstacles/lib/python3.12/site-packages/obstacles/gp/svgp_dynamics.py
/ros_ws/install/obstacles/lib/python3.12/site-packages/obstacles/__pycache__/collect_data.cpython-312.pyc
/ros_ws/install/obstacles/lib/python3.12/site-packages/obstacles/__pycache__/manual_car.cpython-312.pyc
/ros_ws/install/obstacles/lib/python3.12/site-packages/obstacles/__pycache__/__init__.cpython-312.pyc
/ros_ws/install/obstacles/lib/python3.12/site-packages/obstacles/__pycache__/manual_data_collection.cpython-312.pyc
/ros_ws/install/obstacles/lib/python3.12/site-packages/obstacles/__pycache__/al_mppi_controller_node.cpython-312.pyc
/ros_ws/install/obstacles/lib/python3.12/site-packages/obstacles/gp/__pycache__/re_train_dynamics_gp.cpython-312.pyc
/ros_ws/install/obstacles/lib/python3.12/site-packages/obstacles/gp/__pycache__/train_dynamics_gp.cpython-312.pyc
/ros_ws/install/obstacles/lib/python3.12/site-packages/obstacles/gp/__pycache__/gp_dynamics.cpython-312.pyc
/ros_ws/install/obstacles/lib/python3.12/site-packages/obstacles/gp/__pycache__/train_dynamics_svgp.cpython-312.pyc
/ros_ws/install/obstacles/lib/python3.12/site-packages/obstacles/gp/__pycache__/eval_gp_models.cpython-312.pyc
/ros_ws/install/obstacles/lib/python3.12/site-packages/obstacles/gp/__pycache__/__init__.cpython-312.pyc
/ros_ws/install/obstacles/lib/python3.12/site-packages/obstacles/gp/__pycache__/svgp_dynamics.cpython-312.pyc
/ros_ws/install/obstacles/share/ament_index/resource_index/packages/obstacles
/ros_ws/install/obstacles/share/obstacles/package.xml
/ros_ws/install/obstacles/lib/python3.12/site-packages/obstacles-0.0.0-py3.12.egg-info/PKG-INFO
/ros_ws/install/obstacles/lib/python3.12/site-packages/obstacles-0.0.0-py3.12.egg-info/dependency_links.txt
/ros_ws/install/obstacles/lib/python3.12/site-packages/obstacles-0.0.0-py3.12.egg-info/top_level.txt
/ros_ws/install/obstacles/lib/python3.12/site-packages/obstacles-0.0.0-py3.12.egg-info/zip-safe
/ros_ws/install/obstacles/lib/python3.12/site-packages/obstacles-0.0.0-py3.12.egg-info/SOURCES.txt
/ros_ws/install/obstacles/lib/python3.12/site-packages/obstacles-0.0.0-py3.12.egg-info/requires.txt
