/ros_ws/install/online_gp/lib/python3.12/site-packages/online_gp/collect_data.py
/ros_ws/install/online_gp/lib/python3.12/site-packages/online_gp/manual_car.py
/ros_ws/install/online_gp/lib/python3.12/site-packages/online_gp/__init__.py
/ros_ws/install/online_gp/lib/python3.12/site-packages/online_gp/manual_data_collection.py
/ros_ws/install/online_gp/lib/python3.12/site-packages/online_gp/al_mppi_controller_node.py
/ros_ws/install/online_gp/lib/python3.12/site-packages/online_gp/gp/re_train_dynamics_gp.py
/ros_ws/install/online_gp/lib/python3.12/site-packages/online_gp/gp/train_dynamics_gp.py
/ros_ws/install/online_gp/lib/python3.12/site-packages/online_gp/gp/gp_dynamics.py
/ros_ws/install/online_gp/lib/python3.12/site-packages/online_gp/gp/train_dynamics_svgp.py
/ros_ws/install/online_gp/lib/python3.12/site-packages/online_gp/gp/eval_gp_models.py
/ros_ws/install/online_gp/lib/python3.12/site-packages/online_gp/gp/__init__.py
/ros_ws/install/online_gp/lib/python3.12/site-packages/online_gp/gp/svgp_dynamics.py
/ros_ws/install/online_gp/lib/python3.12/site-packages/online_gp/__pycache__/collect_data.cpython-312.pyc
/ros_ws/install/online_gp/lib/python3.12/site-packages/online_gp/__pycache__/manual_car.cpython-312.pyc
/ros_ws/install/online_gp/lib/python3.12/site-packages/online_gp/__pycache__/__init__.cpython-312.pyc
/ros_ws/install/online_gp/lib/python3.12/site-packages/online_gp/__pycache__/manual_data_collection.cpython-312.pyc
/ros_ws/install/online_gp/lib/python3.12/site-packages/online_gp/__pycache__/al_mppi_controller_node.cpython-312.pyc
/ros_ws/install/online_gp/lib/python3.12/site-packages/online_gp/gp/__pycache__/re_train_dynamics_gp.cpython-312.pyc
/ros_ws/install/online_gp/lib/python3.12/site-packages/online_gp/gp/__pycache__/train_dynamics_gp.cpython-312.pyc
/ros_ws/install/online_gp/lib/python3.12/site-packages/online_gp/gp/__pycache__/gp_dynamics.cpython-312.pyc
/ros_ws/install/online_gp/lib/python3.12/site-packages/online_gp/gp/__pycache__/train_dynamics_svgp.cpython-312.pyc
/ros_ws/install/online_gp/lib/python3.12/site-packages/online_gp/gp/__pycache__/eval_gp_models.cpython-312.pyc
/ros_ws/install/online_gp/lib/python3.12/site-packages/online_gp/gp/__pycache__/__init__.cpython-312.pyc
/ros_ws/install/online_gp/lib/python3.12/site-packages/online_gp/gp/__pycache__/svgp_dynamics.cpython-312.pyc
/ros_ws/install/online_gp/share/ament_index/resource_index/packages/online_gp
/ros_ws/install/online_gp/share/online_gp/package.xml
/ros_ws/install/online_gp/lib/python3.12/site-packages/online_gp-0.0.0-py3.12.egg-info/PKG-INFO
/ros_ws/install/online_gp/lib/python3.12/site-packages/online_gp-0.0.0-py3.12.egg-info/dependency_links.txt
/ros_ws/install/online_gp/lib/python3.12/site-packages/online_gp-0.0.0-py3.12.egg-info/top_level.txt
/ros_ws/install/online_gp/lib/python3.12/site-packages/online_gp-0.0.0-py3.12.egg-info/zip-safe
/ros_ws/install/online_gp/lib/python3.12/site-packages/online_gp-0.0.0-py3.12.egg-info/SOURCES.txt
/ros_ws/install/online_gp/lib/python3.12/site-packages/online_gp-0.0.0-py3.12.egg-info/requires.txt
