-- The C compiler identification is GNU 13.3.0
-- The CXX compiler identification is GNU 13.3.0
-- Detecting C compiler ABI info
-- Detecting C compiler ABI info - done
-- Check for working C compiler: /usr/bin/cc - skipped
-- Detecting C compile features
-- Detecting C compile features - done
-- Detecting CXX compiler ABI info
-- Detecting CXX compiler ABI info - done
-- Check for working CXX compiler: /usr/bin/c++ - skipped
-- Detecting CXX compile features
-- Detecting CXX compile features - done
-- Found ament_cmake: 2.5.4 (/opt/ros/jazzy/share/ament_cmake/cmake)
-- Found Python3: /usr/bin/python3 (found version "3.12.3") found components: Interpreter 
-- Configuring incomplete, errors occurred!
[31mCMake Error at CMakeLists.txt:11 (find_package):
  By not providing "Findgenerate_parameter_library.cmake" in
  CMAKE_MODULE_PATH this project has asked CMake to find a package
  configuration file provided by "generate_parameter_library", but CMake did
  not find one.

  Could not find a package configuration file provided by
  "generate_parameter_library" with any of the following names:

    generate_parameter_libraryConfig.cmake
    generate_parameter_library-config.cmake

  Add the installation prefix of "generate_parameter_library" to
  CMAKE_PREFIX_PATH or set "generate_parameter_library_DIR" to a directory
  containing one of the above files.  If "generate_parameter_library"
  provides a separate development package or SDK, be sure it has been
  installed.

[0m
